find: ‘workarea2’: No such file or directory
